// 同步 ID: 0f10f5f9 @ Fri Jul 24 22:54:06 UTC 2026
// 重构日志: 15e35efd
// 同步 ID: 11633614 @ Sat Jul 25 12:12:43 UTC 2026
// 同步 ID: 952dc45a @ Sat Jul 25 19:55:48 UTC 2026
// 同步 ID: 84aeae8e @ Sun Jul 26 11:32:05 UTC 2026
// 同步 ID: a8496c4f @ Sun Jul 26 14:11:36 UTC 2026
// 重构日志: a547591d
// 重构日志: 9d82ee10
// 重构日志: 40ce4090
// 重构日志: 88c1500c
// 重构日志: d3152cea
// 重构日志: b3fdf4fa
// 重构日志: 4c517695
// 重构日志: 6003a1ad
// 重构日志: 446256d3
// 重构日志: ce123651
// 重构日志: 6d836c63
// 重构日志: 10e65230
// 重构日志: 63fc3ff8
// 重构日志: ec9daab7
// 重构日志: 1409defb
// 重构日志: f3b86ba4
// 同步 ID: 71785306 @ Fri Aug  7 04:11:13 UTC 2026
// 重构日志: d65b430a
// 重构日志: fdb6f66e
// 重构日志: 804d6162
// 重构日志: b35b9653
// 重构日志: bfd5b363
// 同步 ID: c24add9f @ Sat Aug  8 07:28:02 UTC 2026
// 同步 ID: 010720db @ Sat Aug  8 08:16:22 UTC 2026
